Release 14.7 - xst P.20131013 (nt64)
Copyright (c) 1995-2013 Xilinx, Inc.  All rights reserved.
--> Parameter TMPDIR set to xst/projnav.tmp


Total REAL time to Xst completion: 0.00 secs
Total CPU time to Xst completion: 0.41 secs
 
--> Parameter xsthdpdir set to xst


Total REAL time to Xst completion: 0.00 secs
Total CPU time to Xst completion: 0.41 secs
 
--> Reading design: entry_park.prj

TABLE OF CONTENTS
  1) Synthesis Options Summary
  2) HDL Parsing
  3) HDL Elaboration
  4) HDL Synthesis
       4.1) HDL Synthesis Report
  5) Advanced HDL Synthesis
       5.1) Advanced HDL Synthesis Report
  6) Low Level Synthesis
  7) Partition Report
  8) Design Summary
       8.1) Primitive and Black Box Usage
       8.2) Device utilization summary
       8.3) Partition Resource Summary
       8.4) Timing Report
            8.4.1) Clock Information
            8.4.2) Asynchronous Control Signals Information
            8.4.3) Timing Summary
            8.4.4) Timing Details
            8.4.5) Cross Clock Domains Report


=========================================================================
*                      Synthesis Options Summary                        *
=========================================================================
---- Source Parameters
Input File Name                    : "entry_park.prj"
Ignore Synthesis Constraint File   : NO

---- Target Parameters
Output File Name                   : "entry_park"
Output Format                      : NGC
Target Device                      : xc7a100t-3-csg324

---- Source Options
Top Module Name                    : entry_park
Automatic FSM Extraction           : YES
FSM Encoding Algorithm             : Auto
Safe Implementation                : No
FSM Style                          : LUT
RAM Extraction                     : Yes
RAM Style                          : Auto
ROM Extraction                     : Yes
Shift Register Extraction          : YES
ROM Style                          : Auto
Resource Sharing                   : YES
Asynchronous To Synchronous        : NO
Shift Register Minimum Size        : 2
Use DSP Block                      : Auto
Automatic Register Balancing       : No

---- Target Options
LUT Combining                      : Auto
Reduce Control Sets                : Auto
Add IO Buffers                     : YES
Global Maximum Fanout              : 100000
Add Generic Clock Buffer(BUFG)     : 32
Register Duplication               : YES
Optimize Instantiated Primitives   : NO
Use Clock Enable                   : Auto
Use Synchronous Set                : Auto
Use Synchronous Reset              : Auto
Pack IO Registers into IOBs        : Auto
Equivalent register Removal        : YES

---- General Options
Optimization Goal                  : Speed
Optimization Effort                : 1
Power Reduction                    : NO
Keep Hierarchy                     : No
Netlist Hierarchy                  : As_Optimized
RTL Output                         : Yes
Global Optimization                : AllClockNets
Read Cores                         : YES
Write Timing Constraints           : NO
Cross Clock Analysis               : NO
Hierarchy Separator                : /
Bus Delimiter                      : <>
Case Specifier                     : Maintain
Slice Utilization Ratio            : 100
BRAM Utilization Ratio             : 100
DSP48 Utilization Ratio            : 100
Auto BRAM Packing                  : NO
Slice Utilization Ratio Delta      : 5

=========================================================================


=========================================================================
*                          HDL Parsing                                  *
=========================================================================
Analyzing Verilog file "C:\Users\ABTIN\Desktop\Logic Circuit Final Project Section-01\module_1\park_space_number.v" into library work
Parsing module <park_space_number>.
Analyzing Verilog file "C:\Users\ABTIN\Desktop\Logic Circuit Final Project Section-01\module_1\entry_checker.v" into library work
Parsing module <entry_checker>.
Analyzing Verilog file "C:\Users\ABTIN\Desktop\Logic Circuit Final Project Section-01\module_1\entry_park.v" into library work
Parsing module <entry_park>.

=========================================================================
*                            HDL Elaboration                            *
=========================================================================

Elaborating module <entry_park>.

Elaborating module <entry_checker>.

Elaborating module <park_space_number>.

=========================================================================
*                           HDL Synthesis                               *
=========================================================================

Synthesizing Unit <entry_park>.
    Related source file is "C:\Users\ABTIN\Desktop\Logic Circuit Final Project Section-01\module_1\entry_park.v".
    Summary:
	no macro.
Unit <entry_park> synthesized.

Synthesizing Unit <entry_checker>.
    Related source file is "C:\Users\ABTIN\Desktop\Logic Circuit Final Project Section-01\module_1\entry_checker.v".
    Summary:
	no macro.
Unit <entry_checker> synthesized.

Synthesizing Unit <park_space_number>.
    Related source file is "C:\Users\ABTIN\Desktop\Logic Circuit Final Project Section-01\module_1\park_space_number.v".
WARNING:Xst:737 - Found 1-bit latch for signal <park_number<2>>. Latches may be generated from incomplete case or if statements. We do not recommend the use of latches in FPGA/CPLD designs, as they may lead to timing problems.
WARNING:Xst:737 - Found 1-bit latch for signal <park_number<1>>. Latches may be generated from incomplete case or if statements. We do not recommend the use of latches in FPGA/CPLD designs, as they may lead to timing problems.
WARNING:Xst:737 - Found 1-bit latch for signal <park_number<0>>. Latches may be generated from incomplete case or if statements. We do not recommend the use of latches in FPGA/CPLD designs, as they may lead to timing problems.
    Summary:
	inferred   3 Latch(s).
	inferred  14 Multiplexer(s).
Unit <park_space_number> synthesized.

=========================================================================
HDL Synthesis Report

Macro Statistics
# Latches                                              : 3
 1-bit latch                                           : 3
# Multiplexers                                         : 14
 1-bit 2-to-1 multiplexer                              : 14

=========================================================================

=========================================================================
*                       Advanced HDL Synthesis                          *
=========================================================================


=========================================================================
Advanced HDL Synthesis Report

Macro Statistics
# Multiplexers                                         : 14
 1-bit 2-to-1 multiplexer                              : 14

=========================================================================

=========================================================================
*                         Low Level Synthesis                           *
=========================================================================
WARNING:Xst:3001 - This design contains one or more registers or latches with an active
   asynchronous set and asynchronous reset. While this circuit can be built,
   it creates a sub-optimal implementation in terms of area, power and
   performance. For a more optimal implementation Xilinx highly recommends
   one of the following:

          1) Remove either the set or reset from all registers and latches if
             not needed for required functionality
          2) Modify the code in order to produce a synchronous set
             and/or reset (both is preferred)
          3) Use the -async_to_sync option to transform the asynchronous
             set/reset to synchronous operation
             (timing simulation highly recommended when using this option)

  Please refer to http://www.xilinx.com search string "Artix7 asynchronous set/reset" for more details.

  List of register instances with asynchronous set and reset:
    park_number_2 in unit <park_space_number>
    park_number_0 in unit <park_space_number>
    park_number_1 in unit <park_space_number>


Optimizing unit <entry_park> ...

Optimizing unit <park_space_number> ...

Mapping all equations...
Building and optimizing final netlist ...
Found area constraint ratio of 100 (+ 5) on block entry_park, actual ratio is 0.

Final Macro Processing ...

=========================================================================
Final Register Report

Found no macro
=========================================================================

=========================================================================
*                           Partition Report                            *
=========================================================================

Partition Implementation Status
-------------------------------

  No Partitions were found in this design.

-------------------------------

=========================================================================
*                            Design Summary                             *
=========================================================================

Top Level Output File Name         : entry_park.ngc

Primitive and Black Box Usage:
------------------------------
# BELS                             : 21
#      GND                         : 1
#      LUT3                        : 9
#      LUT4                        : 4
#      LUT6                        : 7
# FlipFlops/Latches                : 3
#      LD                          : 3
# IO Buffers                       : 12
#      IBUF                        : 9
#      OBUF                        : 3

Device utilization summary:
---------------------------

Selected Device : 7a100tcsg324-3 


Slice Logic Utilization: 
 Number of Slice LUTs:                   20  out of  63400     0%  
    Number used as Logic:                20  out of  63400     0%  

Slice Logic Distribution: 
 Number of LUT Flip Flop pairs used:     20
   Number with an unused Flip Flop:      20  out of     20   100%  
   Number with an unused LUT:             0  out of     20     0%  
   Number of fully used LUT-FF pairs:     0  out of     20     0%  
   Number of unique control sets:         3

IO Utilization: 
 Number of IOs:                          12
 Number of bonded IOBs:                  12  out of    210     5%  
    IOB Flip Flops/Latches:               3

Specific Feature Utilization:

---------------------------
Partition Resource Summary:
---------------------------

  No Partitions were found in this design.

---------------------------


=========================================================================
Timing Report

NOTE: THESE TIMING NUMBERS ARE ONLY A SYNTHESIS ESTIMATE.
      FOR ACCURATE TIMING INFORMATION PLEASE REFER TO THE TRACE REPORT
      GENERATED AFTER PLACE-and-ROUTE.

Clock Information:
------------------
--------------------------------------+-------------------------+-------+
Clock Signal                          | Clock buffer(FF name)   | Load  |
--------------------------------------+-------------------------+-------+
p/park_number_2_G(p/park_number_2_G:O)| NONE(*)(p/park_number_2)| 1     |
p/park_number_0_G(p/park_number_0_G:O)| NONE(*)(p/park_number_0)| 1     |
p/park_number_1_G(p/park_number_1_G:O)| NONE(*)(p/park_number_1)| 1     |
--------------------------------------+-------------------------+-------+
(*) These 3 clock signal(s) are generated by combinatorial logic,
and XST is not able to identify which are the primary clock signals.
Please use the CLOCK_SIGNAL constraint to specify the clock signal(s) generated by combinatorial logic.
INFO:Xst:2169 - HDL ADVISOR - Some clock signals were not automatically buffered by XST with BUFG/BUFR resources. Please use the buffer_type constraint in order to insert these buffers to the clock signals to help prevent skew problems.

Asynchronous Control Signals Information:
----------------------------------------
No asynchronous control signals found in this design

Timing Summary:
---------------
Speed Grade: -3

   Minimum period: No path found
   Minimum input arrival time before clock: 2.650ns
   Maximum output required time after clock: 0.751ns
   Maximum combinational path delay: No path found

Timing Details:
---------------
All values displayed in nanoseconds (ns)

=========================================================================
Timing constraint: Default OFFSET IN BEFORE for Clock 'p/park_number_2_G'
  Total number of paths / destination ports: 25 / 1
-------------------------------------------------------------------------
Offset:              2.433ns (Levels of Logic = 6)
  Source:            parking_capacity<3> (PAD)
  Destination:       p/park_number_2 (LATCH)
  Destination Clock: p/park_number_2_G falling

  Data Path: parking_capacity<3> to p/park_number_2
                                Gate     Net
    Cell:in->out      fanout   Delay   Delay  Logical Name (Net Name)
    ----------------------------------------  ------------
     IBUF:I->O             7   0.001   0.584  parking_capacity_3_IBUF (parking_capacity_3_IBUF)
     LUT4:I0->O            1   0.097   0.295  e/enable_SW0 (N2)
     LUT6:I5->O            3   0.097   0.305  e/enable (enable)
     LUT4:I3->O            1   0.097   0.379  p/GND_3_o_PWR_3_o_AND_30_o2_SW0 (N4)
     LUT6:I4->O            2   0.097   0.383  p/GND_3_o_PWR_3_o_AND_30_o2 (p/GND_3_o_PWR_3_o_AND_30_o)
     LUT3:I1->O            1   0.097   0.000  p/park_number_2_D (p/park_number_2_D)
     LD:D                     -0.028          p/park_number_2
    ----------------------------------------
    Total                      2.433ns (0.486ns logic, 1.947ns route)
                                       (20.0% logic, 80.0% route)

=========================================================================
Timing constraint: Default OFFSET IN BEFORE for Clock 'p/park_number_0_G'
  Total number of paths / destination ports: 25 / 1
-------------------------------------------------------------------------
Offset:              2.650ns (Levels of Logic = 6)
  Source:            parking_capacity<3> (PAD)
  Destination:       p/park_number_0 (LATCH)
  Destination Clock: p/park_number_0_G falling

  Data Path: parking_capacity<3> to p/park_number_0
                                Gate     Net
    Cell:in->out      fanout   Delay   Delay  Logical Name (Net Name)
    ----------------------------------------  ------------
     IBUF:I->O             7   0.001   0.584  parking_capacity_3_IBUF (parking_capacity_3_IBUF)
     LUT4:I0->O            1   0.097   0.295  e/enable_SW0 (N2)
     LUT6:I5->O            3   0.097   0.389  e/enable (enable)
     LUT4:I2->O            1   0.097   0.511  p/GND_3_o_PWR_3_o_AND_34_o_SW0 (N10)
     LUT6:I3->O            2   0.097   0.383  p/GND_3_o_PWR_3_o_AND_34_o (p/GND_3_o_PWR_3_o_AND_34_o)
     LUT3:I1->O            1   0.097   0.000  p/park_number_0_D (p/park_number_0_D)
     LD:D                     -0.028          p/park_number_0
    ----------------------------------------
    Total                      2.650ns (0.486ns logic, 2.163ns route)
                                       (18.3% logic, 81.7% route)

=========================================================================
Timing constraint: Default OFFSET IN BEFORE for Clock 'p/park_number_1_G'
  Total number of paths / destination ports: 25 / 1
-------------------------------------------------------------------------
Offset:              2.650ns (Levels of Logic = 6)
  Source:            parking_capacity<3> (PAD)
  Destination:       p/park_number_1 (LATCH)
  Destination Clock: p/park_number_1_G falling

  Data Path: parking_capacity<3> to p/park_number_1
                                Gate     Net
    Cell:in->out      fanout   Delay   Delay  Logical Name (Net Name)
    ----------------------------------------  ------------
     IBUF:I->O             7   0.001   0.584  parking_capacity_3_IBUF (parking_capacity_3_IBUF)
     LUT4:I0->O            1   0.097   0.295  e/enable_SW0 (N2)
     LUT6:I5->O            3   0.097   0.389  e/enable (enable)
     LUT4:I2->O            1   0.097   0.511  p/GND_3_o_PWR_3_o_AND_32_o1_SW0 (N6)
     LUT6:I3->O            2   0.097   0.383  p/GND_3_o_PWR_3_o_AND_32_o1 (p/GND_3_o_PWR_3_o_AND_32_o)
     LUT3:I1->O            1   0.097   0.000  p/park_number_1_D (p/park_number_1_D)
     LD:D                     -0.028          p/park_number_1
    ----------------------------------------
    Total                      2.650ns (0.486ns logic, 2.163ns route)
                                       (18.3% logic, 81.7% route)

=========================================================================
Timing constraint: Default OFFSET OUT AFTER for Clock 'p/park_number_2_G'
  Total number of paths / destination ports: 1 / 1
-------------------------------------------------------------------------
Offset:              0.751ns (Levels of Logic = 1)
  Source:            p/park_number_2 (LATCH)
  Destination:       park_number<2> (PAD)
  Source Clock:      p/park_number_2_G falling

  Data Path: p/park_number_2 to park_number<2>
                                Gate     Net
    Cell:in->out      fanout   Delay   Delay  Logical Name (Net Name)
    ----------------------------------------  ------------
     LD:G->Q               1   0.472   0.279  p/park_number_2 (p/park_number_2)
     OBUF:I->O                 0.000          park_number_2_OBUF (park_number<2>)
    ----------------------------------------
    Total                      0.751ns (0.472ns logic, 0.279ns route)
                                       (62.8% logic, 37.2% route)

=========================================================================
Timing constraint: Default OFFSET OUT AFTER for Clock 'p/park_number_1_G'
  Total number of paths / destination ports: 1 / 1
-------------------------------------------------------------------------
Offset:              0.751ns (Levels of Logic = 1)
  Source:            p/park_number_1 (LATCH)
  Destination:       park_number<1> (PAD)
  Source Clock:      p/park_number_1_G falling

  Data Path: p/park_number_1 to park_number<1>
                                Gate     Net
    Cell:in->out      fanout   Delay   Delay  Logical Name (Net Name)
    ----------------------------------------  ------------
     LD:G->Q               1   0.472   0.279  p/park_number_1 (p/park_number_1)
     OBUF:I->O                 0.000          park_number_1_OBUF (park_number<1>)
    ----------------------------------------
    Total                      0.751ns (0.472ns logic, 0.279ns route)
                                       (62.8% logic, 37.2% route)

=========================================================================
Timing constraint: Default OFFSET OUT AFTER for Clock 'p/park_number_0_G'
  Total number of paths / destination ports: 1 / 1
-------------------------------------------------------------------------
Offset:              0.751ns (Levels of Logic = 1)
  Source:            p/park_number_0 (LATCH)
  Destination:       park_number<0> (PAD)
  Source Clock:      p/park_number_0_G falling

  Data Path: p/park_number_0 to park_number<0>
                                Gate     Net
    Cell:in->out      fanout   Delay   Delay  Logical Name (Net Name)
    ----------------------------------------  ------------
     LD:G->Q               1   0.472   0.279  p/park_number_0 (p/park_number_0)
     OBUF:I->O                 0.000          park_number_0_OBUF (park_number<0>)
    ----------------------------------------
    Total                      0.751ns (0.472ns logic, 0.279ns route)
                                       (62.8% logic, 37.2% route)

=========================================================================

Cross Clock Domains Report:
--------------------------

=========================================================================


Total REAL time to Xst completion: 35.00 secs
Total CPU time to Xst completion: 35.38 secs
 
--> 

Total memory usage is 387764 kilobytes

Number of errors   :    0 (   0 filtered)
Number of warnings :    4 (   0 filtered)
Number of infos    :    1 (   0 filtered)

